// Jest Snapshot v1, https://goo.gl/fbAQLP

exports[`Home page matches snapshot 1`] = `
<DocumentFragment>
  <div
    class="pages__Container-iczbDt bKZtQF"
  >
    <h1
      class="pages__Title-hUVUMO bRqyhg"
    >
      Welcome to  
      <a
        class="pages__Link-coNBvm epCcgq"
        href="https://nextjs.org"
      >
        Next.js!
      </a>
    </h1>
    <p
      class="pages__Paragraph-mdoJY jYLFVg"
    >
      Get started by editing  
      <code
        class="pages__Code-hlpkRX kKQTuh"
      >
        pages/index.tsx
      </code>
    </p>
  </div>
</DocumentFragment>
`;
